DevOps-day5-上
1、CI/CD概述
	- 持续集成、持续交付
	- 持续集成
		- 是当下最为流行的应用程序开发实践方式
		- 程序员在仓库中更新代码
		- CI工具通过自动构建和自动测试来验证结果
		- 如果代码有问题，可以迅速反馈
	- 工作流程
		- 更新代码
		- CI服务器基于计划任务(或触发式)下载最新的仓库
		- CI服务器运行构建过程并生成软件包
		- CI服务器进行单元和集成测试，存储测试结果
		- 向开发团队发送构建通知
	- Jenkins
		- 官网
			- https://www.jenkins.io/zh/
			- https://www.jenkins.io/zh/doc/book/  #说明文档
			- https://mirror.tuna.tsinghua.edu.cn/jenkins/redhat/
		- 由java编写
		- 用于构建和测试项目
		- 功能是监视重复工作的执行情况
		- 特点
			- 简单、可扩展、界面友好
			- 支持各种SCM(Soft configure manager)工具
			- 能够构建各种风格的项目
			- 众多插件
			- 跨平台
		- 安装
			- 需要java环境，安装open-jdk
			- rpm/yum安装
			- 设置服务开机自启动
		- 访问网页
			- 默认安装21个插件，先不安装
			- 使用默认的admin用户即可
			- 登录上去以后修改简易密码

2、Jenkins配置
	- 修改插件站点至中文
		- upjk.sh
		- 重启服务
	- 安装插件
		- git parameter
		- localiztion chinese
		- Dingtalk
	- 添加钉钉机器人并测试消息
	- 安装git客户端

3、准备Git仓库
	- 本地仓库
		- 初始化
		- v1.0 v2.0
		- tag 1.0 2.0
	- 远程仓库
		- 初始化
		- 关联本地仓库
	
++++++++++++++++++++++++++++++++++++++++++++++++++++++++++++++++
#初始化本地代码仓库
[wdn@node02 ~]$ git init mysite
Initialized empty Git repository in /home/wdn/mysite/.git/
#制作1.0版本并打tag
[wdn@node02 ~]$ cd mysite/
[wdn@node02 mysite]$ vim index.html
[wdn@node02 mysite]$ vim README.md
[wdn@node02 mysite]$ git add .
[wdn@node02 mysite]$ git commit -m "v1.0"
[master (root-commit) b8bef74] v1.0
 2 files changed, 4 insertions(+)
 create mode 100644 README.md
 create mode 100644 index.html
[wdn@node02 mysite]$ git tag 1.0
#制作2.0版本并打tag
[wdn@node02 mysite]$ vim index.html 
[wdn@node02 mysite]$ git add .
[wdn@node02 mysite]$ git commit -m "v2.0"
[master 19ca91e] v2.0
 1 file changed, 1 insertion(+)
[wdn@node02 mysite]$ git tag 2.0
[wdn@node02 mysite]$ 
[wdn@node02 mysite]$ git status
# On branch master
nothing to commit, working directory clean
[wdn@node02 mysite]$ git tag 
1.0
2.0
[wdn@node02 mysite]$ git log --oneline 
19ca91e v2.0
b8bef74 v1.0
[wdn@node02 mysite]$
#制作远程代码仓库

#关联本地仓库和远程仓库
[wdn@node02 mysite]$ git remote
[wdn@node02 mysite]$ git remote add origin git@192.168.1.1:mysitedev/mysite.git
[wdn@node02 mysite]$ git remote -v
[wdn@node02 mysite]$ git push -u origin --all
[wdn@node02 mysite]$ git push -u origin --tags 
#测试wdn免密
[wdn@node02 mysite]$ vim README.md 
[wdn@node02 mysite]$ git add .
[wdn@node02 mysite]$ git commit -m "init remote and local"
[wdn@node02 mysite]$ git push
